// Jest Snapshot v1, https://goo.gl/fbAQLP

exports[`ContactForm component snapshot 1`] = `"<div class=\\"contact-form\\"><form><input type=\\"text\\" name=\\"name\\" placeholder=\\"name\\" class=\\"\\" data-vv-id=\\"_3dx17ydnq\\" aria-required=\\"true\\" aria-invalid=\\"false\\"> <br> <input type=\\"email\\" name=\\"email\\" placeholder=\\"email\\" class=\\"\\" data-vv-id=\\"_3b96kxnbv\\" aria-required=\\"true\\" aria-invalid=\\"false\\"> <br> <input type=\\"text\\" name=\\"subject\\" placeholder=\\"subject\\" class=\\"\\" data-vv-id=\\"_qlido71zb\\" aria-required=\\"true\\" aria-invalid=\\"false\\"> <br> <textarea placeholder=\\"message\\" name=\\"message\\" class=\\"\\" data-vv-id=\\"_s2lk782yz\\" aria-required=\\"true\\" aria-invalid=\\"false\\"></textarea> <br> <input type=\\"submit\\" value=\\"Send\\" class=\\"button\\"></form></div>"`;
