// Jest Snapshot v1, https://goo.gl/fbAQLP

exports[`OrderSuccess Component should match snapshot 1`] = `
"<div class=\\"order-success text-center\\"><img src=\\"../assets/cute-bug.png\\" width=\\"250\\"> <h1 style=\\"color: rgb(68, 75, 206); font-size: 3.5em;\\">Good News!</h1> <p>
    Great! We've received your request.
    We'll plan the test and send you an offer within two working days.
    Your request number is <strong>ieigkeke</strong>.
  </p> <p>
    In the mean time, if you have any questions, please don't hesitate to
    <a location=\\"contact\\">contact us</a></p></div>"
`;
