// Jest Snapshot v1, https://goo.gl/fbAQLP

exports[`SideBar component should match snapshot 1`] = `"<div class=\\"off-canvas-sidebar\\"><div class=\\"bugster-sidebar\\"><div class=\\"bugster-nav__content\\"><ul id=\\"foo\\" class=\\"nav\\"><li class=\\"nav-item\\"><a location=\\"about\\">ABOUT US</a></li> <li class=\\"nav-item\\"><a location=\\"how\\">HOW</a></li> <li class=\\"nav-item\\"><a location=\\"order\\">TRY US</a></li> <li class=\\"nav-item\\"><a location=\\"contact\\">CONTACT</a></li></ul></div></div></div>"`;
