// Jest Snapshot v1, https://goo.gl/fbAQLP

exports[`SideBar component should match snapshot 1`] = `"<div class=\\"off-canvas-sidebar\\"><div class=\\"bugster-sidebar\\"><div class=\\"bugster-nav__content\\"><ul class=\\"nav\\"><li class=\\"nav-item active\\"><!----></li> <li class=\\"nav-item\\"><a href=\\"#\\">OUR PASSION</a></li> <li class=\\"nav-item\\"><a href=\\"#\\">OUR MISSION</a></li> <li class=\\"nav-item\\"><a href=\\"#\\">TRY US</a></li> <li class=\\"nav-item\\"><a href=\\"#\\">CONTACT</a></li></ul></div></div></div>"`;
