// Jest Snapshot v1, https://goo.gl/fbAQLP

exports[`Orders component should match snapshot 1`] = `

<div class="orders">
  <div class="panel">
    <div class="panel-header">
      <div class="panel-title">
        <h2>
          My Orders
        </h2>
      </div>
    </div>
    <div class="panel-body">
    </div>
  </div>
</div>

`;
