// Jest Snapshot v1, https://goo.gl/fbAQLP

exports[`OrderError Component should match snapshot 1`] = `

<div class="order-error">
  <div class="empty">
    <div class="empty-icon">
      <i class="icon icon-3x icon-stop">
      </i>
    </div>
    <p class="empty-title h5">
      Ooops! How embarrasing!
    </p>
    <p class="empty-subtitle">
      It looks like something went horribly wrong...
    </p>
    <div class="empty-action">
      <a>
        Please Try Again
      </a>
    </div>
  </div>
</div>

`;
